
> app@0.0.0 build
> tsc -b && vite build

[36mvite v7.3.0 [32mbuilding client environment for production...[36m[39m
transforming...
[32m??[39m 1755 modules transformed.
rendering chunks...
computing gzip size...
[2mdist/[22m[32mindex.html                 [39m[1m[2m    1.08 kB[22m[1m[22m[2m ??gzip:   0.59 kB[22m
[2mdist/[22m[35massets/index-BmW3e4Mx.css  [39m[1m[2m   81.85 kB[22m[1m[22m[2m ??gzip:  12.66 kB[22m
[2mdist/[22m[36massets/index-4cCS0JZj.js   [39m[1m[33m2,071.60 kB[39m[22m[2m ??gzip: 640.72 kB[22m
npm.cmd : [33m
位於 線路:1 字元:1
+ npm.cmd run build *> build-output.txt; $code = $LASTEXITCODE; Get-Con ...
+ ~~~~~~~~~~~~~~~~~~~~~~~~~~~~~~~~~~~~~
    + CategoryInfo          : NotSpecified: ([33m:String) [], RemoteException
    + FullyQualifiedErrorId : NativeCommandError
 
(!) Some chunks are larger than 500 kB after minification. Consider:
- Using dynamic import() to code-split the application
- Use build.rollupOptions.output.manualChunks to improve chunking: https://roll
upjs.org/configuration-options/#output-manualchunks
- Adjust chunk size limit for this warning via build.chunkSizeWarningLimit.[39
m
[32m??built in 10.77s[39m
